timestamp_utc,url,status,cf_ray,error
2026-09-09T09:24:41Z,https://staycontext.com/,200,a385242d8fb13ef4-CDG,
2026-09-09T09:24:41Z,https://staycontext.com/chemin-inexistant-probe,404,a385242e5ef9d0a2-CDG,
2026-09-09T09:24:41Z,https://staycontext.com/sitemap-static.xml,404,a385242f1cc1a105-CDG,
2026-09-09T09:24:41Z,https://staycontext.pages.dev/,200,a385242fe9d6592b-CDG,
2026-09-09T09:25:11Z,https://staycontext.com/,200,a38524ed4c462a25-CDG,
2026-09-09T09:25:11Z,https://staycontext.com/chemin-inexistant-probe,404,a38524ee1d85697a-CDG,
2026-09-09T09:25:11Z,https://staycontext.com/sitemap-static.xml,404,a38524ef4819d127-CDG,
2026-09-09T09:25:11Z,https://staycontext.pages.dev/,200,a38524efeb706af3-CDG,
2026-09-09T09:25:42Z,https://staycontext.com/,200,a38525adadebd08b-CDG,
2026-09-09T09:25:42Z,https://staycontext.com/chemin-inexistant-probe,404,a38525ae58caebb2-CDG,
2026-09-09T09:25:42Z,https://staycontext.com/sitemap-static.xml,404,a38525af0e9ed646-CDG,
2026-09-09T09:25:42Z,https://staycontext.pages.dev/,200,a38525afd9f9dacb-CDG,
2026-09-09T09:26:13Z,https://staycontext.com/,200,a385266d28c09f05-CDG,
2026-09-09T09:26:13Z,https://staycontext.com/chemin-inexistant-probe,404,a385266df822ca0e-CDG,
2026-09-09T09:26:13Z,https://staycontext.com/sitemap-static.xml,404,a385266ea89dd558-CDG,
2026-09-09T09:26:13Z,https://staycontext.pages.dev/,200,a385266fa803aea3-CDG,
2026-09-09T09:26:43Z,https://staycontext.com/,200,a385272d3b087020-CDG,
2026-09-09T09:26:43Z,https://staycontext.com/chemin-inexistant-probe,404,a385272e2b76792e-CDG,
2026-09-09T09:26:43Z,https://staycontext.com/sitemap-static.xml,404,a385272f3e9e8bd2-CDG,
2026-09-09T09:26:43Z,https://staycontext.pages.dev/,200,a385272fec33d107-CDG,
2026-09-09T09:27:14Z,https://staycontext.com/,200,a38527ed2c014742-CDG,
2026-09-09T09:27:14Z,https://staycontext.com/chemin-inexistant-probe,404,a38527ee1a3bb6bc-CDG,
2026-09-09T09:27:14Z,https://staycontext.com/sitemap-static.xml,404,a38527eeea9c9794-CDG,
2026-09-09T09:27:14Z,https://staycontext.pages.dev/,200,a38527ef9e9d5ea2-CDG,
2026-09-09T09:27:45Z,https://staycontext.com/,200,a38528acde085ce6-CDG,
2026-09-09T09:27:45Z,https://staycontext.com/chemin-inexistant-probe,404,a38528ad8cce1bec-CDG,
2026-09-09T09:27:45Z,https://staycontext.com/sitemap-static.xml,404,a38528ae3dcf2a5e-CDG,
2026-09-09T09:27:45Z,https://staycontext.pages.dev/,200,a38528af0c282a4f-CDG,
2026-09-09T09:28:15Z,https://staycontext.com/,200,a385296c59ae02a3-CDG,
2026-09-09T09:28:15Z,https://staycontext.com/chemin-inexistant-probe,404,a385296d19ec6ef1-CDG,
2026-09-09T09:28:15Z,https://staycontext.com/sitemap-static.xml,404,a385296dec472a79-CDG,
2026-09-09T09:28:15Z,https://staycontext.pages.dev/,200,a385296ebea79ebe-CDG,
2026-09-09T09:28:46Z,https://staycontext.com/,200,a3852a2c2983d0b7-CDG,
2026-09-09T09:28:46Z,https://staycontext.com/chemin-inexistant-probe,404,a3852a2cdbe60190-CDG,
2026-09-09T09:28:46Z,https://staycontext.com/sitemap-static.xml,404,a3852a2dbe88989f-CDG,
2026-09-09T09:28:46Z,https://staycontext.pages.dev/,200,a3852a2e8ee1d12b-CDG,
2026-09-09T09:29:17Z,https://staycontext.com/,200,a3852aeca97c3cc1-CDG,
2026-09-09T09:29:17Z,https://staycontext.com/chemin-inexistant-probe,404,a3852aed7a19008e-CDG,
2026-09-09T09:29:17Z,https://staycontext.com/sitemap-static.xml,404,a3852aee4ca87805-CDG,
2026-09-09T09:29:17Z,https://staycontext.pages.dev/,200,a3852aef2ac6237d-CDG,
2026-09-09T09:29:48Z,https://staycontext.com/,200,a3852badfe08d12e-CDG,
2026-09-09T09:29:48Z,https://staycontext.com/chemin-inexistant-probe,404,a3852baebad3cc0a-CDG,
2026-09-09T09:29:48Z,https://staycontext.com/sitemap-static.xml,404,a3852baf68105455-CDG,
2026-09-09T09:29:48Z,https://staycontext.pages.dev/,200,a3852bb00a79d104-CDG,
2026-09-09T09:30:18Z,https://staycontext.com/,200,a3852c6d8cecd716-CDG,
2026-09-09T09:30:18Z,https://staycontext.com/chemin-inexistant-probe,404,a3852c6e5933b0f7-CDG,
2026-09-09T09:30:18Z,https://staycontext.com/sitemap-static.xml,404,a3852c6f0d313843-CDG,
2026-09-09T09:30:18Z,https://staycontext.pages.dev/,200,a3852c6fba9c019e-CDG,
2026-09-09T09:30:49Z,https://staycontext.com/,200,a3852d2ebb750194-CDG,
2026-09-09T09:30:49Z,https://staycontext.com/chemin-inexistant-probe,404,a3852d2f8f9d522d-CDG,
2026-09-09T09:30:49Z,https://staycontext.com/sitemap-static.xml,404,a3852d3038ee6cbe-CDG,
2026-09-09T09:30:49Z,https://staycontext.pages.dev/,200,a3852d30eaf91c45-CDG,
2026-09-09T09:31:20Z,https://staycontext.com/,200,a3852dee9c746ed8-CDG,
2026-09-09T09:31:20Z,https://staycontext.com/chemin-inexistant-probe,404,a3852def58b00190-CDG,
2026-09-09T09:31:20Z,https://staycontext.com/sitemap-static.xml,404,a3852deffea3bb51-CDG,
2026-09-09T09:31:20Z,https://staycontext.pages.dev/,200,a3852df0ddd3702d-CDG,
2026-09-09T09:31:51Z,https://staycontext.com/,200,a3852eafbef0697a-CDG,
2026-09-09T09:31:51Z,https://staycontext.com/chemin-inexistant-probe,404,a3852eb05a60fa87-CDG,
2026-09-09T09:31:51Z,https://staycontext.com/sitemap-static.xml,404,a3852eb10da3d09b-CDG,
2026-09-09T09:31:51Z,https://staycontext.pages.dev/,200,a3852eb19cbfbb1e-CDG,
2026-09-09T09:32:22Z,https://staycontext.com/,200,a3852f6f19252a35-CDG,
2026-09-09T09:32:22Z,https://staycontext.com/chemin-inexistant-probe,404,a3852f6fec38d0bb-CDG,
2026-09-09T09:32:22Z,https://staycontext.com/sitemap-static.xml,404,a3852f709b6974e1-CDG,
2026-09-09T09:32:22Z,https://staycontext.pages.dev/,200,a3852f713e05016d-CDG,
2026-09-09T09:32:53Z,https://staycontext.com/,200,a3853035d9a3d913-CDG,
2026-09-09T09:32:53Z,https://staycontext.com/chemin-inexistant-probe,404,a385303699ce3cda-CDG,
2026-09-09T09:32:53Z,https://staycontext.com/sitemap-static.xml,404,a3853037ca1f6f03-CDG,
2026-09-09T09:32:53Z,https://staycontext.pages.dev/,200,a38530388e50cb5a-CDG,
2026-09-09T09:33:24Z,https://staycontext.com/,200,a38530f62e510078-CDG,
2026-09-09T09:33:24Z,https://staycontext.com/chemin-inexistant-probe,404,a38530f6f95f2f5a-CDG,
2026-09-09T09:33:24Z,https://staycontext.com/sitemap-static.xml,404,a38530f7add619b4-CDG,
2026-09-09T09:33:24Z,https://staycontext.pages.dev/,200,a38530f878c28e59-CDG,
2026-09-09T09:33:55Z,https://staycontext.com/,200,a38531b6ab33dd33-CDG,
2026-09-09T09:33:55Z,https://staycontext.com/chemin-inexistant-probe,404,a38531b74e980c47-CDG,
2026-09-09T09:33:55Z,https://staycontext.com/sitemap-static.xml,404,a38531b7ffb1f4ff-CDG,
2026-09-09T09:33:55Z,https://staycontext.pages.dev/,200,a38531b8af8704aa-CDG,
2026-09-09T09:34:26Z,https://staycontext.com/,200,a38532765bd6b6e3-CDG,
2026-09-09T09:34:26Z,https://staycontext.com/chemin-inexistant-probe,404,a38532770cedb1ea-CDG,
2026-09-09T09:34:26Z,https://staycontext.com/sitemap-static.xml,404,a3853277ae267017-CDG,
2026-09-09T09:34:26Z,https://staycontext.pages.dev/,200,a38532786da36fdb-CDG,
2026-09-09T09:34:56Z,https://staycontext.com/,200,a3853336097b3c98-CDG,
2026-09-09T09:34:56Z,https://staycontext.com/chemin-inexistant-probe,404,a3853336dcea709b-CDG,
2026-09-09T09:34:56Z,https://staycontext.com/sitemap-static.xml,404,a385333779d9007c-CDG,
2026-09-09T09:34:56Z,https://staycontext.pages.dev/,200,a38533385f8d13f4-CDG,
2026-09-09T09:35:27Z,https://staycontext.com/,200,a38533f5ae6c522d-CDG,
2026-09-09T09:35:27Z,https://staycontext.com/chemin-inexistant-probe,404,a38533f63e0ff19a-CDG,
2026-09-09T09:35:27Z,https://staycontext.com/sitemap-static.xml,404,a38533f71d8b00b3-CDG,
2026-09-09T09:35:27Z,https://staycontext.pages.dev/,200,a38533f7fef56ef1-CDG,
2026-09-09T09:35:58Z,https://staycontext.com/,200,a38534b5fce56fc4-CDG,
2026-09-09T09:35:58Z,https://staycontext.com/chemin-inexistant-probe,404,a38534b6c97bd51a-CDG,
2026-09-09T09:35:58Z,https://staycontext.com/sitemap-static.xml,404,a38534b79be76f07-CDG,
2026-09-09T09:35:58Z,https://staycontext.pages.dev/,200,a38534b89c356f0b-CDG,
2026-09-09T09:36:28Z,https://staycontext.com/,200,a3853575fdbcd14a-CDG,
2026-09-09T09:36:28Z,https://staycontext.com/chemin-inexistant-probe,404,a3853576ef596edb-CDG,
2026-09-09T09:36:28Z,https://staycontext.com/sitemap-static.xml,404,a3853577be16294f-CDG,
2026-09-09T09:36:28Z,https://staycontext.pages.dev/,200,a38535785cbf2de7-CDG,
2026-09-09T09:36:59Z,https://staycontext.com/,200,a38536362ebbd081-CDG,
2026-09-09T09:36:59Z,https://staycontext.com/chemin-inexistant-probe,404,a3853636c92602a1-CDG,
2026-09-09T09:36:59Z,https://staycontext.com/sitemap-static.xml,404,a38536379805e182-CDG,
2026-09-09T09:36:59Z,https://staycontext.pages.dev/,200,a38536384c739ebd-CDG,
2026-09-09T09:37:30Z,https://staycontext.com/,200,a38536f6fd197531-CDG,
2026-09-09T09:37:30Z,https://staycontext.com/chemin-inexistant-probe,404,a38536f79c82d0b4-CDG,
2026-09-09T09:37:30Z,https://staycontext.com/sitemap-static.xml,404,a38536f85fc39e9a-CDG,
2026-09-09T09:37:30Z,https://staycontext.pages.dev/,200,a38536f91a7edacb-CDG,
2026-09-09T09:38:01Z,https://staycontext.com/,200,a38537b82b7d80a5-CDG,
2026-09-09T09:38:01Z,https://staycontext.com/chemin-inexistant-probe,404,a38537b8fd72d171-CDG,
2026-09-09T09:38:01Z,https://staycontext.com/sitemap-static.xml,404,a38537b9a8ca783e-CDG,
2026-09-09T09:38:01Z,https://staycontext.pages.dev/,200,a38537ba9cbf3573-CDG,
2026-09-09T09:38:32Z,https://staycontext.com/,200,a38538796e3745bc-CDG,
2026-09-09T09:38:32Z,https://staycontext.com/chemin-inexistant-probe,404,a385387a0e0ef015-CDG,
2026-09-09T09:38:32Z,https://staycontext.com/sitemap-static.xml,404,a385387abf442505-CDG,
2026-09-09T09:38:32Z,https://staycontext.pages.dev/,200,a385387b69158c76-CDG,
2026-09-09T09:39:03Z,https://staycontext.com/,200,a3853938b95f0275-CDG,
2026-09-09T09:39:03Z,https://staycontext.com/chemin-inexistant-probe,404,a38539399cfff9af-CDG,
2026-09-09T09:39:03Z,https://staycontext.com/sitemap-static.xml,404,a385393a69ff7cb6-CDG,
2026-09-09T09:39:03Z,https://staycontext.pages.dev/,200,a385393b4a6b0232-CDG,
2026-09-09T09:39:33Z,https://staycontext.com/,200,a38539fa2bfbca0d-CDG,
2026-09-09T09:39:33Z,https://staycontext.com/chemin-inexistant-probe,404,a38539fafd5abb1b-CDG,
2026-09-09T09:39:33Z,https://staycontext.com/sitemap-static.xml,404,a38539fbee399e9b-CDG,
2026-09-09T09:39:33Z,https://staycontext.pages.dev/,200,a38539fcdd95522d-CDG,
2026-09-09T09:40:04Z,https://staycontext.com/,200,a3853abb0ea80490-CDG,
2026-09-09T09:40:04Z,https://staycontext.com/chemin-inexistant-probe,404,a3853abbdbe3d784-CDG,
2026-09-09T09:40:04Z,https://staycontext.com/sitemap-static.xml,404,a3853abc8bfb9816-CDG,
2026-09-09T09:40:04Z,https://staycontext.pages.dev/,200,a3853abd3808f015-CDG,
2026-09-09T09:40:35Z,https://staycontext.com/,200,a3853b7a9f979d48-CDG,
2026-09-09T09:40:35Z,https://staycontext.com/chemin-inexistant-probe,404,a3853b7b5acdbb57-CDG,
2026-09-09T09:40:35Z,https://staycontext.com/sitemap-static.xml,404,a3853b7c1fd0d104-CDG,
2026-09-09T09:40:35Z,https://staycontext.pages.dev/,200,a3853b7cbf88e99d-CDG,
2026-09-09T09:41:06Z,https://staycontext.com/,200,a3853c3a784171e6-CDG,
2026-09-09T09:41:06Z,https://staycontext.com/chemin-inexistant-probe,404,a3853c3b3c69d3e0-CDG,
2026-09-09T09:41:06Z,https://staycontext.com/sitemap-static.xml,404,a3853c3c397b2505-CDG,
2026-09-09T09:41:06Z,https://staycontext.pages.dev/,200,a3853c3d1e8f45bc-CDG,
2026-09-09T09:41:37Z,https://staycontext.com/,200,a3853cfb9d85d110-CDG,
2026-09-09T09:41:37Z,https://staycontext.com/chemin-inexistant-probe,404,a3853cfc3a5ad3b7-CDG,
2026-09-09T09:41:37Z,https://staycontext.com/sitemap-static.xml,404,a3853cfd0961d10f-CDG,
2026-09-09T09:41:37Z,https://staycontext.pages.dev/,200,a3853cfda96688c5-CDG,
2026-09-09T09:42:07Z,https://staycontext.com/,200,a3853dbb9a66b1ea-CDG,
2026-09-09T09:42:07Z,https://staycontext.com/chemin-inexistant-probe,404,a3853dbc3bb6a8bd-CDG,
2026-09-09T09:42:07Z,https://staycontext.com/sitemap-static.xml,404,a3853dbcf8c3e887-CDG,
2026-09-09T09:42:07Z,https://staycontext.pages.dev/,200,a3853dbd9fd6d128-CDG,
2026-09-09T09:42:38Z,https://staycontext.com/,200,a3853e7afabcd14a-CDG,
2026-09-09T09:42:38Z,https://staycontext.com/chemin-inexistant-probe,404,a3853e7b9f607006-CDG,
2026-09-09T09:42:38Z,https://staycontext.com/sitemap-static.xml,404,a3853e7c7813d159-CDG,
2026-09-09T09:42:38Z,https://staycontext.pages.dev/,200,a3853e7d2acea289-CDG,
2026-09-09T09:43:09Z,https://staycontext.com/,200,a3853f3a5cda9952-CDG,
2026-09-09T09:43:09Z,https://staycontext.com/chemin-inexistant-probe,404,a3853f3b19a822aa-CDG,
2026-09-09T09:43:09Z,https://staycontext.com/sitemap-static.xml,404,a3853f3befe67a32-CDG,
2026-09-09T09:43:09Z,https://staycontext.pages.dev/,200,a3853f3cbd694742-CDG,
2026-09-09T09:43:39Z,https://staycontext.com/,200,a3853ff9fe7e99d9-CDG,
2026-09-09T09:43:39Z,https://staycontext.com/chemin-inexistant-probe,404,a3853ffac877d6ca-CDG,
2026-09-09T09:43:39Z,https://staycontext.com/sitemap-static.xml,404,a3853ffba8d8fa87-CDG,
2026-09-09T09:43:39Z,https://staycontext.pages.dev/,200,a3853ffc4a9797c1-CDG,
2026-09-09T09:44:10Z,https://staycontext.com/,200,a38540b98b7f0c47-CDG,
2026-09-09T09:44:10Z,https://staycontext.com/chemin-inexistant-probe,404,a38540ba4a83494a-CDG,
2026-09-09T09:44:10Z,https://staycontext.com/sitemap-static.xml,404,a38540bafcae3740-CDG,
2026-09-09T09:44:10Z,https://staycontext.pages.dev/,200,a38540bb98ea0051-CDG,
2026-09-09T09:44:40Z,https://staycontext.com/,200,a385417909cbbc81-CDG,
2026-09-09T09:44:40Z,https://staycontext.com/chemin-inexistant-probe,404,a3854179da0a02dd-CDG,
2026-09-09T09:44:40Z,https://staycontext.com/sitemap-static.xml,404,a385417a9896a40a-CDG,
2026-09-09T09:44:40Z,https://staycontext.pages.dev/,200,a385417b48ba6f06-CDG,
2026-09-09T09:45:11Z,https://staycontext.com/,200,a3854238af309e9d-CDG,
2026-09-09T09:45:11Z,https://staycontext.com/chemin-inexistant-probe,404,a38542398fbbd146-CDG,
2026-09-09T09:45:11Z,https://staycontext.com/sitemap-static.xml,404,a385423a3f2897b6-CDG,
2026-09-09T09:45:11Z,https://staycontext.pages.dev/,200,a385423ae93ca8a7-CDG,
2026-09-09T09:45:42Z,https://staycontext.com/,200,a38542f82eeed151-CDG,
2026-09-09T09:45:42Z,https://staycontext.com/chemin-inexistant-probe,404,a38542f8d9786ef7-CDG,
2026-09-09T09:45:42Z,https://staycontext.com/sitemap-static.xml,404,a38542f9ac84eba8-CDG,
2026-09-09T09:45:42Z,https://staycontext.pages.dev/,200,a38542fa4c260473-CDG,
2026-09-09T09:46:12Z,https://staycontext.com/,200,a38543b7a9aa3ef4-CDG,
2026-09-09T09:46:12Z,https://staycontext.com/chemin-inexistant-probe,404,a38543b849bb9987-CDG,
2026-09-09T09:46:12Z,https://staycontext.com/sitemap-static.xml,404,a38543b92ce16cbe-CDG,
2026-09-09T09:46:12Z,https://staycontext.pages.dev/,200,a38543b9cc83d120-CDG,
2026-09-09T09:46:43Z,https://staycontext.com/,200,a385447728ad02a5-CDG,
2026-09-09T09:46:43Z,https://staycontext.com/chemin-inexistant-probe,404,a3854477efc9d479-CDG,
2026-09-09T09:46:43Z,https://staycontext.com/sitemap-static.xml,404,a3854478aee46fae-CDG,
2026-09-09T09:46:43Z,https://staycontext.pages.dev/,200,a385447989a799f1-CDG,
2026-09-09T09:47:14Z,https://staycontext.com/,200,a3854536ce5a9edb-CDG,
2026-09-09T09:47:14Z,https://staycontext.com/chemin-inexistant-probe,404,a3854537af2c6fed-CDG,
2026-09-09T09:47:14Z,https://staycontext.com/sitemap-static.xml,404,a38545386e249eb1-CDG,
2026-09-09T09:47:14Z,https://staycontext.pages.dev/,200,a38545393ab39ec6-CDG,
2026-09-09T09:47:44Z,https://staycontext.com/,200,a38545f69d182a22-CDG,
2026-09-09T09:47:44Z,https://staycontext.com/chemin-inexistant-probe,404,a38545f7cf4ab1aa-CDG,
2026-09-09T09:47:44Z,https://staycontext.com/sitemap-static.xml,404,a38545f88e6d792c-CDG,
2026-09-09T09:47:44Z,https://staycontext.pages.dev/,200,a38545f99a789378-CDG,
2026-09-09T09:48:15Z,https://staycontext.com/,200,a38546b6fd82702b-CDG,
2026-09-09T09:48:15Z,https://staycontext.com/chemin-inexistant-probe,404,a38546b92d7d791c-CDG,
2026-09-09T09:48:15Z,https://staycontext.com/sitemap-static.xml,404,a38546ba198a17b5-CDG,
2026-09-09T09:48:15Z,https://staycontext.pages.dev/,200,a38546bac89a7902-CDG,
2026-09-09T09:48:46Z,https://staycontext.com/,200,a38547783c723cb0-CDG,
2026-09-09T09:48:46Z,https://staycontext.com/chemin-inexistant-probe,404,a38547790fbdd785-CDG,
2026-09-09T09:48:46Z,https://staycontext.com/sitemap-static.xml,404,a3854779da370473-CDG,
2026-09-09T09:48:46Z,https://staycontext.pages.dev/,200,a385477a8b06bc81-CDG,
2026-09-09T09:49:17Z,https://staycontext.com/,200,a3854837aa6c99ae-CDG,
2026-09-09T09:49:17Z,https://staycontext.com/chemin-inexistant-probe,404,a38548388bb70346-CDG,
2026-09-09T09:49:17Z,https://staycontext.com/sitemap-static.xml,404,a385483969d8cea9-CDG,
2026-09-09T09:49:17Z,https://staycontext.pages.dev/,200,a385483a1d4cd0aa-CDG,
2026-09-09T09:49:47Z,https://staycontext.com/,200,a38548f75894dc71-CDG,
2026-09-09T09:49:47Z,https://staycontext.com/chemin-inexistant-probe,404,a38548f80a9bd10b-CDG,
2026-09-09T09:49:47Z,https://staycontext.com/sitemap-static.xml,404,a38548f8bb499a9e-CDG,
2026-09-09T09:49:47Z,https://staycontext.pages.dev/,200,a38548f96ba86fc3-CDG,
2026-09-09T09:50:18Z,https://staycontext.com/,200,a38549b6db6b9a9e-CDG,
2026-09-09T09:50:18Z,https://staycontext.com/chemin-inexistant-probe,404,a38549b7591c703e-CDG,
2026-09-09T09:50:18Z,https://staycontext.com/sitemap-static.xml,404,a38549b808d0248e-CDG,
2026-09-09T09:50:18Z,https://staycontext.pages.dev/,200,a38549b8be280066-CDG,
2026-09-09T09:50:49Z,https://staycontext.com/,200,a3854a762b496984-CDG,
2026-09-09T09:50:49Z,https://staycontext.com/chemin-inexistant-probe,404,a3854a773e20d6f2-CDG,
2026-09-09T09:50:49Z,https://staycontext.com/sitemap-static.xml,404,a3854a7829ae23f0-CDG,
2026-09-09T09:50:49Z,https://staycontext.pages.dev/,200,a3854a78ec67d6ca-CDG,
2026-09-09T09:51:19Z,https://staycontext.com/,200,a3854b362c27b82b-CDG,
2026-09-09T09:51:19Z,https://staycontext.com/chemin-inexistant-probe,404,a3854b36ed4c7848-CDG,
2026-09-09T09:51:19Z,https://staycontext.com/sitemap-static.xml,404,a3854b380fc7a2e9-CDG,
2026-09-09T09:51:19Z,https://staycontext.pages.dev/,200,a3854b38bbe718ba-CDG,
2026-09-09T09:51:50Z,https://staycontext.com/,200,a3854bf5fc89d14a-CDG,
2026-09-09T09:51:50Z,https://staycontext.com/chemin-inexistant-probe,404,a3854bf6c82e50f9-CDG,
2026-09-09T09:51:50Z,https://staycontext.com/sitemap-static.xml,404,a3854bf76df099aa-CDG,
2026-09-09T09:51:50Z,https://staycontext.pages.dev/,200,a3854bf83f8785fe-CDG,
2026-09-09T09:52:21Z,https://staycontext.com/,200,a3854cb57c9a3219-CDG,
2026-09-09T09:52:21Z,https://staycontext.com/chemin-inexistant-probe,404,a3854cb62a5e2a04-CDG,
2026-09-09T09:52:21Z,https://staycontext.com/sitemap-static.xml,404,a3854cb71a319eb6-CDG,
2026-09-09T09:52:21Z,https://staycontext.pages.dev/,200,a3854cb7e8756fc4-CDG,
2026-09-09T09:52:51Z,https://staycontext.com/,200,a3854d75492d2a47-CDG,
2026-09-09T09:52:51Z,https://staycontext.com/chemin-inexistant-probe,404,a3854d761996dcfc-CDG,
2026-09-09T09:52:51Z,https://staycontext.com/sitemap-static.xml,404,a3854d76bea9f015-CDG,
2026-09-09T09:52:51Z,https://staycontext.pages.dev/,200,a3854d775d3a046f-CDG,
2026-09-09T09:53:22Z,https://staycontext.com/,200,a3854e349eb9351d-CDG,
2026-09-09T09:53:22Z,https://staycontext.com/chemin-inexistant-probe,404,a3854e354ee301bf-CDG,
2026-09-09T09:53:22Z,https://staycontext.com/sitemap-static.xml,404,a3854e363e350365-CDG,
2026-09-09T09:53:22Z,https://staycontext.pages.dev/,200,a3854e371a262a20-CDG,
2026-09-09T09:53:53Z,https://staycontext.com/,200,a3854ef4581a791c-CDG,
2026-09-09T09:53:53Z,https://staycontext.com/chemin-inexistant-probe,404,a3854ef50871bb3f-CDG,
2026-09-09T09:53:53Z,https://staycontext.com/sitemap-static.xml,404,a3854ef5fb5a7521-CDG,
2026-09-09T09:53:53Z,https://staycontext.pages.dev/,200,a3854ef6ab021310-CDG,
2026-09-09T09:54:23Z,https://staycontext.com/,200,a3854fb3fc4600d0-CDG,
2026-09-09T09:54:23Z,https://staycontext.com/chemin-inexistant-probe,404,a3854fb68b360485-CDG,
2026-09-09T09:54:23Z,https://staycontext.com/sitemap-static.xml,404,a3854fb7a9d1da95-CDG,
2026-09-09T09:54:23Z,https://staycontext.pages.dev/,200,a3854fb87c3753ad-CDG,
2026-09-09T09:54:54Z,https://staycontext.com/,200,a38550760f6e720a-CDG,
2026-09-09T09:54:54Z,https://staycontext.com/chemin-inexistant-probe,404,a3855076bac8d13d-CDG,
2026-09-09T09:54:54Z,https://staycontext.com/sitemap-static.xml,404,a38550777c3e57fe-CDG,
2026-09-09T09:54:54Z,https://staycontext.pages.dev/,200,a38550782b9dd145-CDG,
2026-09-09T09:55:25Z,https://staycontext.com/,200,a38551357973d0a8-CDG,
2026-09-09T09:55:25Z,https://staycontext.com/chemin-inexistant-probe,404,a38551363c006ee7-CDG,
2026-09-09T09:55:25Z,https://staycontext.com/sitemap-static.xml,404,a38551370d3c7240-CDG,
2026-09-09T09:55:25Z,https://staycontext.pages.dev/,200,a3855137bac2eba6-CDG,
2026-09-09T09:55:56Z,https://staycontext.com/,200,a38551f51c796f93-CDG,
2026-09-09T09:55:56Z,https://staycontext.com/chemin-inexistant-probe,404,a38551f5dcf7ad2e-CDG,
2026-09-09T09:55:56Z,https://staycontext.com/sitemap-static.xml,404,a38551f699567854-CDG,
2026-09-09T09:55:56Z,https://staycontext.pages.dev/,200,a38551f77ba5d0a8-CDG,
2026-09-09T09:56:26Z,https://staycontext.com/,200,a38552b4ae74bb18-CDG,
2026-09-09T09:56:26Z,https://staycontext.com/chemin-inexistant-probe,404,a38552b5890e7240-CDG,
2026-09-09T09:56:26Z,https://staycontext.com/sitemap-static.xml,404,a38552b61d399ef7-CDG,
2026-09-09T09:56:26Z,https://staycontext.pages.dev/,200,a38552b6e83f3cdd-CDG,
2026-09-09T09:56:57Z,https://staycontext.com/,200,a38553743c860485-CDG,
2026-09-09T09:56:57Z,https://staycontext.com/chemin-inexistant-probe,404,a3855374e9b1e198-CDG,
2026-09-09T09:56:57Z,https://staycontext.com/sitemap-static.xml,404,a3855375b8af99ac-CDG,
2026-09-09T09:56:57Z,https://staycontext.pages.dev/,200,a385537678db6f75-CDG,
2026-09-09T09:57:28Z,https://staycontext.com/,200,a3855433cce5d12e-CDG,
2026-09-09T09:57:28Z,https://staycontext.com/chemin-inexistant-probe,404,a38554346f43d37b-CDG,
2026-09-09T09:57:28Z,https://staycontext.com/sitemap-static.xml,404,a38554356ea79eab-CDG,
2026-09-09T09:57:28Z,https://staycontext.pages.dev/,200,a385543699a48705-CDG,
2026-09-09T09:57:58Z,https://staycontext.com/,200,a38554f3d8e1be96-CDG,
2026-09-09T09:57:58Z,https://staycontext.com/chemin-inexistant-probe,404,a38554f48a7df196-CDG,
2026-09-09T09:57:58Z,https://staycontext.com/sitemap-static.xml,404,a38554f55fa1d6f2-CDG,
2026-09-09T09:57:58Z,https://staycontext.pages.dev/,200,a38554f5fa2a6774-CDG,
2026-09-09T09:58:29Z,https://staycontext.com/,200,a38555b31e03008c-CDG,
2026-09-09T09:58:29Z,https://staycontext.com/chemin-inexistant-probe,404,a38555b3eb5fae6d-CDG,
2026-09-09T09:58:29Z,https://staycontext.com/sitemap-static.xml,404,a38555b49ec60f1e-CDG,
2026-09-09T09:58:29Z,https://staycontext.pages.dev/,200,a38555b54f26d479-CDG,
2026-09-09T09:59:00Z,https://staycontext.com/,200,a38556727a59d125-CDG,
2026-09-09T09:59:00Z,https://staycontext.com/chemin-inexistant-probe,404,a38556734b4a697e-CDG,
2026-09-09T09:59:00Z,https://staycontext.com/sitemap-static.xml,404,a38556743efb702f-CDG,
2026-09-09T09:59:00Z,https://staycontext.pages.dev/,200,a38556753c6ba289-CDG,
2026-09-09T09:59:30Z,https://staycontext.com/,200,a38557327adf482b-CDG,
2026-09-09T09:59:30Z,https://staycontext.com/chemin-inexistant-probe,404,a38557332c69c9ce-CDG,
2026-09-09T09:59:30Z,https://staycontext.com/sitemap-static.xml,404,a3855733debd0171-CDG,
2026-09-09T09:59:30Z,https://staycontext.pages.dev/,200,a3855734ab863851-CDG,
2026-09-09T10:00:01Z,https://staycontext.com/,200,a38557f1fc7bd14d-CDG,
2026-09-09T10:00:01Z,https://staycontext.com/chemin-inexistant-probe,404,a38557f2c850d652-CDG,
2026-09-09T10:00:01Z,https://staycontext.com/sitemap-static.xml,404,a38557f4092586d9-CDG,
2026-09-09T10:00:01Z,https://staycontext.pages.dev/,200,a38557f4db4ed5d5-CDG,
2026-09-09T10:00:32Z,https://staycontext.com/,200,a38558b23c94d473-CDG,
2026-09-09T10:00:32Z,https://staycontext.com/chemin-inexistant-probe,404,a38558b2f9e21310-CDG,
2026-09-09T10:00:32Z,https://staycontext.com/sitemap-static.xml,404,a38558b39ae26cbe-CDG,
2026-09-09T10:00:32Z,https://staycontext.pages.dev/,200,a38558b42b249ee4-CDG,
2026-09-09T10:01:02Z,https://staycontext.com/,200,a3855971ad6b00a2-CDG,
2026-09-09T10:01:02Z,https://staycontext.com/chemin-inexistant-probe,404,a38559729dfc9e79-CDG,
2026-09-09T10:01:02Z,https://staycontext.com/sitemap-static.xml,404,a38559736a90cddf-CDG,
2026-09-09T10:01:02Z,https://staycontext.pages.dev/,200,a38559740d820b18-CDG,
2026-09-09T10:01:33Z,https://staycontext.com/,200,a3855a313c0804a0-CDG,
2026-09-09T10:01:33Z,https://staycontext.com/chemin-inexistant-probe,404,a3855a320fdc13f4-CDG,
2026-09-09T10:01:33Z,https://staycontext.com/sitemap-static.xml,404,a3855a32cae9f345-CDG,
2026-09-09T10:01:33Z,https://staycontext.pages.dev/,200,a3855a337dc020a1-CDG,
2026-09-09T10:02:04Z,https://staycontext.com/,200,a3855af12c0eae6d-CDG,
2026-09-09T10:02:04Z,https://staycontext.com/chemin-inexistant-probe,404,a3855af1cba600d4-CDG,
2026-09-09T10:02:04Z,https://staycontext.com/sitemap-static.xml,404,a3855af2c959f719-CDG,
2026-09-09T10:02:04Z,https://staycontext.pages.dev/,200,a3855af37d1bebaa-CDG,
2026-09-09T10:02:34Z,https://staycontext.com/,200,a3855bb0e96db1ea-CDG,
2026-09-09T10:02:34Z,https://staycontext.com/chemin-inexistant-probe,404,a3855bb1a9b36f1c-CDG,
2026-09-09T10:02:34Z,https://staycontext.com/sitemap-static.xml,404,a3855bb27d70d58c-CDG,
2026-09-09T10:02:34Z,https://staycontext.pages.dev/,200,a3855bb34c3399ac-CDG,
2026-09-09T10:03:05Z,https://staycontext.com/,200,a3855c717b17f118-CDG,
2026-09-09T10:03:05Z,https://staycontext.com/chemin-inexistant-probe,404,a3855c725e3d698d-CDG,
2026-09-09T10:03:05Z,https://staycontext.com/sitemap-static.xml,404,a3855c73abcbd10c-CDG,
2026-09-09T10:03:05Z,https://staycontext.pages.dev/,200,a3855c747ee9d588-CDG,
2026-09-09T10:03:36Z,https://staycontext.com/,200,a3855d331f37f4f5-CDG,
2026-09-09T10:03:36Z,https://staycontext.com/chemin-inexistant-probe,404,a3855d33efd4f719-CDG,
2026-09-09T10:03:36Z,https://staycontext.com/sitemap-static.xml,404,a3855d347fb2d30d-CDG,
2026-09-09T10:03:36Z,https://staycontext.pages.dev/,200,a3855d3529e86f79-CDG,
2026-09-09T10:04:07Z,https://staycontext.com/,200,a3855df27d51d10c-CDG,
2026-09-09T10:04:07Z,https://staycontext.com/chemin-inexistant-probe,404,a3855df30978d3a3-CDG,
2026-09-09T10:04:07Z,https://staycontext.com/sitemap-static.xml,404,a3855df40f56248e-CDG,
2026-09-09T10:04:07Z,https://staycontext.pages.dev/,200,a3855df4cd710088-CDG,
2026-09-09T10:04:37Z,https://staycontext.com/,200,a3855eb25e3e3cb7-CDG,
2026-09-09T10:04:37Z,https://staycontext.com/chemin-inexistant-probe,404,a3855eb3fd0e6f93-CDG,
2026-09-09T10:04:37Z,https://staycontext.com/sitemap-static.xml,404,a3855eb4c93c9ec6-CDG,
2026-09-09T10:04:37Z,https://staycontext.pages.dev/,200,a3855eb5aa8902d5-CDG,
2026-09-09T10:05:08Z,https://staycontext.com/,200,a3855f73ac529ec7-CDG,
2026-09-09T10:05:08Z,https://staycontext.com/chemin-inexistant-probe,404,a3855f74cf5ceba8-CDG,
2026-09-09T10:05:08Z,https://staycontext.com/sitemap-static.xml,404,a3855f75781201c7-CDG,
2026-09-09T10:05:08Z,https://staycontext.pages.dev/,200,a3855f767d510471-CDG,
2026-09-09T10:05:39Z,https://staycontext.com/,200,a3856034dc7ee84d-CDG,
2026-09-09T10:05:39Z,https://staycontext.com/chemin-inexistant-probe,404,a38560359e9b01b5-CDG,
2026-09-09T10:05:39Z,https://staycontext.com/sitemap-static.xml,404,a38560367f0e9a29-CDG,
2026-09-09T10:05:39Z,https://staycontext.pages.dev/,200,a385603729903c80-CDG,
2026-09-09T10:06:10Z,https://staycontext.com/,200,a38560f49aedd104-CDG,
2026-09-09T10:06:10Z,https://staycontext.com/chemin-inexistant-probe,404,a38560f568697848-CDG,
2026-09-09T10:06:10Z,https://staycontext.com/sitemap-static.xml,404,a38560f68edb2a0e-CDG,
2026-09-09T10:06:10Z,https://staycontext.pages.dev/,200,a38560f748950407-CDG,
2026-09-09T10:06:41Z,https://staycontext.com/,200,a38561b48bd4f015-CDG,
2026-09-09T10:06:41Z,https://staycontext.com/chemin-inexistant-probe,404,a38561b53eea5ea2-CDG,
2026-09-09T10:06:41Z,https://staycontext.com/sitemap-static.xml,404,a38561b5eaf76b98-CDG,
2026-09-09T10:06:41Z,https://staycontext.pages.dev/,200,a38561b6ee038825-CDG,
2026-09-09T10:07:11Z,https://staycontext.com/,200,a38562742ce4aea3-CDG,
2026-09-09T10:07:11Z,https://staycontext.com/chemin-inexistant-probe,404,a3856274dd6aeeab-CDG,
2026-09-09T10:07:11Z,https://staycontext.com/sitemap-static.xml,404,a38562759cb3d118-CDG,
2026-09-09T10:07:11Z,https://staycontext.pages.dev/,200,a38562765d0f2a14-CDG,
2026-09-09T10:07:42Z,https://staycontext.com/,200,a3856333fcb8d60d-CDG,
2026-09-09T10:07:42Z,https://staycontext.com/chemin-inexistant-probe,404,a3856334ed37701e-CDG,
2026-09-09T10:07:42Z,https://staycontext.com/sitemap-static.xml,404,a3856335d8fc7cb6-CDG,
2026-09-09T10:07:42Z,https://staycontext.pages.dev/,200,a38563367b23c44b-CDG,
2026-09-09T10:08:13Z,https://staycontext.com/,200,a38563f3df5cbb24-CDG,
2026-09-09T10:08:13Z,https://staycontext.com/chemin-inexistant-probe,404,a38563f4cc429e49-CDG,
2026-09-09T10:08:13Z,https://staycontext.com/sitemap-static.xml,404,a38563f599f12de7-CDG,
2026-09-09T10:08:13Z,https://staycontext.pages.dev/,200,a38563f66b0a697a-CDG,
2026-09-09T10:08:43Z,https://staycontext.com/,200,a38564b40d9c6ed3-CDG,
2026-09-09T10:08:43Z,https://staycontext.com/chemin-inexistant-probe,404,a38564b4db4d2a34-CDG,
2026-09-09T10:08:43Z,https://staycontext.com/sitemap-static.xml,404,a38564b5aade58fb-CDG,
2026-09-09T10:08:43Z,https://staycontext.pages.dev/,200,a38564b68f2f5786-CDG,
2026-09-09T10:09:14Z,https://staycontext.com/,200,a3856573eb4a9e9e-CDG,
2026-09-09T10:09:14Z,https://staycontext.com/chemin-inexistant-probe,404,a3856574dbdba2e9-CDG,
2026-09-09T10:09:14Z,https://staycontext.com/sitemap-static.xml,404,a38565758836d982-CDG,
2026-09-09T10:09:14Z,https://staycontext.pages.dev/,200,a38565763b51294f-CDG,
2026-09-09T10:09:45Z,https://staycontext.com/,200,a38566335a39d36f-CDG,
2026-09-09T10:09:45Z,https://staycontext.com/chemin-inexistant-probe,404,a38566342f39d590-CDG,
2026-09-09T10:09:45Z,https://staycontext.com/sitemap-static.xml,404,a3856634ff4ed12b-CDG,
2026-09-09T10:09:45Z,https://staycontext.pages.dev/,200,a3856635bbf06981-CDG,
2026-09-09T10:10:16Z,https://staycontext.com/,200,a38566f4385adb78-CDG,
2026-09-09T10:10:16Z,https://staycontext.com/chemin-inexistant-probe,404,a38566f4ec06fcf1-CDG,
2026-09-09T10:10:16Z,https://staycontext.com/sitemap-static.xml,404,a38566f5ae61f1a4-CDG,
2026-09-09T10:10:16Z,https://staycontext.pages.dev/,200,a38566f68c146ecf-CDG,
2026-09-09T10:10:46Z,https://staycontext.com/,200,a38567b40fa5bb72-CDG,
2026-09-09T10:10:46Z,https://staycontext.com/chemin-inexistant-probe,404,a38567b4fc08d09b-CDG,
2026-09-09T10:10:46Z,https://staycontext.com/sitemap-static.xml,404,a38567b5b9c7d096-CDG,
2026-09-09T10:10:46Z,https://staycontext.pages.dev/,200,a38567b65e1a9ae1-CDG,
2026-09-09T10:11:17Z,https://staycontext.com/,200,a3856873db70e0ad-CDG,
2026-09-09T10:11:17Z,https://staycontext.com/chemin-inexistant-probe,404,a3856874beb0698e-CDG,
2026-09-09T10:11:17Z,https://staycontext.com/sitemap-static.xml,404,a3856875ca9e45f1-CDG,
2026-09-09T10:11:17Z,https://staycontext.pages.dev/,200,a38568767abe88c5-CDG,
2026-09-09T10:11:48Z,https://staycontext.com/,200,a3856934ad1ef9af-CDG,
2026-09-09T10:11:48Z,https://staycontext.com/chemin-inexistant-probe,404,a38569354c83ee96-CDG,
2026-09-09T10:11:48Z,https://staycontext.com/sitemap-static.xml,404,a3856936297e2a17-CDG,
2026-09-09T10:11:48Z,https://staycontext.pages.dev/,200,a38569370da70f1e-CDG,
2026-09-09T10:12:19Z,https://staycontext.com/,200,a38569f45b140173-CDG,
2026-09-09T10:12:19Z,https://staycontext.com/chemin-inexistant-probe,404,a38569f54a3f3ced-CDG,
2026-09-09T10:12:19Z,https://staycontext.com/sitemap-static.xml,404,a38569f62c5dd62e-CDG,
2026-09-09T10:12:19Z,https://staycontext.pages.dev/,200,a38569f73d6edb93-CDG,
2026-09-09T10:12:49Z,https://staycontext.com/,200,a3856ab49a1d9ee3-CDG,
2026-09-09T10:12:49Z,https://staycontext.com/chemin-inexistant-probe,404,a3856ab5ba8b999f-CDG,
2026-09-09T10:12:49Z,https://staycontext.com/sitemap-static.xml,404,a3856ab69d5fd475-CDG,
2026-09-09T10:12:49Z,https://staycontext.pages.dev/,200,a3856ab739a38e9c-CDG,
2026-09-09T10:13:20Z,https://staycontext.com/,200,a3856b750b05986b-CDG,
2026-09-09T10:13:20Z,https://staycontext.com/chemin-inexistant-probe,404,a3856b75ab199ef1-CDG,
2026-09-09T10:13:20Z,https://staycontext.com/sitemap-static.xml,404,a3856b7699c42a1f-CDG,
2026-09-09T10:13:20Z,https://staycontext.pages.dev/,200,a3856b778d4ed10f-CDG,
2026-09-09T10:13:51Z,https://staycontext.com/,200,a3856c34bf1d9ee9-CDG,
2026-09-09T10:13:51Z,https://staycontext.com/chemin-inexistant-probe,404,a3856c357e19d0a4-CDG,
2026-09-09T10:13:51Z,https://staycontext.com/sitemap-static.xml,404,a3856c362a52d479-CDG,
2026-09-09T10:13:51Z,https://staycontext.pages.dev/,200,a3856c36ba06d808-CDG,
2026-09-09T10:14:21Z,https://staycontext.com/,200,a3856cf3fd11d0b7-CDG,
2026-09-09T10:14:21Z,https://staycontext.com/chemin-inexistant-probe,404,a3856cf4bbc4a876-CDG,
2026-09-09T10:14:21Z,https://staycontext.com/sitemap-static.xml,404,a3856cf56dadf015-CDG,
2026-09-09T10:14:21Z,https://staycontext.pages.dev/,200,a3856cf61d147805-CDG,
2026-09-09T10:14:52Z,https://staycontext.com/,200,a3856db3682ccddf-CDG,
2026-09-09T10:14:52Z,https://staycontext.com/chemin-inexistant-probe,404,a3856db41a519794-CDG,
2026-09-09T10:14:52Z,https://staycontext.com/sitemap-static.xml,404,a3856db4fc2201ed-CDG,
2026-09-09T10:14:52Z,https://staycontext.pages.dev/,200,a3856db5c96ef4f5-CDG,
2026-09-09T10:15:23Z,https://staycontext.com/,200,a3856e731ba002bf-CDG,
2026-09-09T10:15:23Z,https://staycontext.com/chemin-inexistant-probe,404,a3856e73fb83f0f8-CDG,
2026-09-09T10:15:23Z,https://staycontext.com/sitemap-static.xml,404,a3856e74baf5cb5a-CDG,
2026-09-09T10:15:23Z,https://staycontext.pages.dev/,200,a3856e75887b702a-CDG,
